app/(dashboard)/reportes/prenomina/page.tsx(160,53): error TS2339: Property 'tipo_rol' does not exist on type '{ tipo_rol: any; dias_trabajo: any; dias_descanso: any; }[]'.
next.config.ts(5,3): error TS2353: Object literal may only specify known properties, and 'eslint' does not exist in type 'NextConfig'.
