supabase_types.ts(1,1): error TS1434: Unexpected keyword or identifier.
supabase_types.ts(1,6): error TS1434: Unexpected keyword or identifier.
supabase_types.ts(1,9): error TS1434: Unexpected keyword or identifier.
supabase_types.ts(1,17): error TS1434: Unexpected keyword or identifier.
supabase_types.ts(1,21): error TS1434: Unexpected keyword or identifier.
supabase_types.ts(2,1): error TS1434: Unexpected keyword or identifier.
supabase_types.ts(2,14): error TS1146: Declaration expected.
supabase_types_utf8.ts(1,1): error TS1434: Unexpected keyword or identifier.
supabase_types_utf8.ts(1,6): error TS1434: Unexpected keyword or identifier.
supabase_types_utf8.ts(1,9): error TS1434: Unexpected keyword or identifier.
supabase_types_utf8.ts(1,17): error TS1434: Unexpected keyword or identifier.
supabase_types_utf8.ts(1,21): error TS1434: Unexpected keyword or identifier.
supabase_types_utf8.ts(2,1): error TS1434: Unexpected keyword or identifier.
supabase_types_utf8.ts(2,14): error TS1146: Declaration expected.
