components/contratos/ConstructorClient.tsx(88,17): error TS2322: Type '(node: HTMLElement) => boolean' is not assignable to type '(node: Node) => boolean'.
  Types of parameters 'node' and 'node' are incompatible.
    Type 'Node' is missing the following properties from type 'HTMLElement': accessKey, accessKeyLabel, autocapitalize, autocorrect, and 264 more.
next.config.ts(5,3): error TS2353: Object literal may only specify known properties, and 'eslint' does not exist in type 'NextConfig'.
